
<!DOCTYPE html>
<html lang="en">
<head>
        <title>My amazing balls Blog!</title>
        <meta charset ="UTF-8"/>
        <meta name="description" content="wow like and subscribe it really sucks"lang ="en"/>
</head>
<body>
    <nav role="navigation">
        <div>
            <h1>Budding Gophers Blog</h1>
            <ul>
                <li><a href="/">home</a></li>
                <li><a href="about">about</a></li>
                <li><a href="archive">archive</a></li>
            </ul>
        </div>
    </nav>
</body>
<main>

<ol><li><a href="/post/hello-world">Hello World</a></li><li><a href="/post/hello-world-2">Hello World 2</a></li></ol>

</main>
<footer> 
    <ul> 
        <li><a href = "https://twitter.com/quii">Twitter</a></li>
        <li><a href = "https://github.com/quii">GitHub</a></li>
    </ul>
</footer>
</body>
</html>
